// Jest Snapshot v1, https://goo.gl/fbAQLP

exports[`Countdown Component renders correctly 1`] = `
<div
  className="Countdown"
>
  <Alert
    isOpen={false}
    isTimeUp={false}
    theme="Dark"
  >
    Welcome
  </Alert>
  <ThemeController
    onClick={[Function]}
    theme="Dark"
  />
  <Header
    theme="Dark"
  />
  <div
    className="Countdown__body Countdown__body--dark"
  >
    <div
      className="Countdown__main"
    >
      <div
        className="Countdown__main__left"
      >
        <Controls
          controlClicked={false}
          hoverIcon={
            <Stop
              hover={true}
              theme="Dark"
            />
          }
          icon={
            <Stop
              hover={false}
              theme="Dark"
            />
          }
          onClick={[Function]}
          text="Stop/reset"
          textPos="left"
          theme="Dark"
        />
      </div>
      <div
        className="Countdown__main__center"
      >
        <Counter
          isPaused={false}
          isTextBlinking={false}
          isTextRed={false}
          isTimeUp={false}
          minute="00"
          second="00"
          theme="Dark"
        />
      </div>
      <div
        className="Countdown__main__right"
      >
        <Controls
          controlClicked={false}
          hoverIcon={
            <Pause
              hover={true}
              theme="Dark"
            />
          }
          icon={
            <Pause
              hover={false}
              theme="Dark"
            />
          }
          onClick={[Function]}
          text="Pause"
          textPos="right"
          theme="Dark"
        />
      </div>
    </div>
    <div
      className="Countdown__speed"
    >
      <h4>
        Speed Controls
      </h4>
      <div
        className="Countdown__speed__inner"
      >
        <SpeedControls
          active={true}
          controlClicked={false}
          onClick={[Function]}
          theme="Dark"
        >
          1X
        </SpeedControls>
        <SpeedControls
          active={false}
          controlClicked={false}
          onClick={[Function]}
          theme="Dark"
        >
          1.5X
        </SpeedControls>
        <SpeedControls
          active={false}
          controlClicked={false}
          onClick={[Function]}
          theme="Dark"
        >
          2X
        </SpeedControls>
        <SpeedControls
          active={false}
          controlClicked={false}
          onClick={[Function]}
          theme="Dark"
        >
          0.5X
        </SpeedControls>
        <SpeedControls
          active={false}
          controlClicked={false}
          onClick={[Function]}
          theme="Dark"
        >
          - 1X
        </SpeedControls>
      </div>
    </div>
  </div>
  <Footer
    onStart={[Function]}
    theme="Dark"
  />
</div>
`;
